// Jest Snapshot v1, https://goo.gl/fbAQLP

exports[`Camera should render Camera 1`] = `
<div>
  <div
    id="camera-back-button-container"
  >
    <svg
      fill="currentColor"
      height="35"
      stroke="currentColor"
      stroke-width="0"
      variant="white"
      viewBox="0 0 512 512"
      width="35"
      xmlns="http://www.w3.org/2000/svg"
    >
      <path
        d="M217.9 256L345 129c9.4-9.4 9.4-24.6 0-33.9-9.4-9.4-24.6-9.3-34 0L167 239c-9.1 9.1-9.3 23.7-.7 33.1L310.9 417c4.7 4.7 10.9 7 17 7s12.3-2.3 17-7c9.4-9.4 9.4-24.6 0-33.9L217.9 256z"
      />
    </svg>
  </div>
  <video
    id="qr-video"
    style="background-color: black; position: a; overflow: hidden; white-space: nowrap;"
  />
</div>
`;
