// Jest Snapshot v1, https://goo.gl/fbAQLP

exports[`HistoryDone shows snapshot 1`] = `
Object {
  "asFragment": [Function],
  "baseElement": <body>
    <div>
      <div
        id="done-container"
      >
        <div
          class="d-flex justify-content-center mt-3"
        >
          <h1
            id="done-title"
          >
            Fullført historiekapselen!
          </h1>
        </div>
        <div
          class="w-100 h-50 d-flex align-content-center flex-row justify-content-center gap-3"
          id="olaf-infront-div"
        >
          <div
            style="margin-top: 3rem;"
          >
            <img
              alt="bilde av olaf på fullført side"
              height="200"
              id="olaf-infront-img"
              src="test-file-stub"
            />
          </div>
          <div
            class="flex-shrink-1"
            id="done-text"
            style="margin-top: 2rem;"
          >
            <p
              id="finish-paragraph"
            >
              Woops! Det ser ut som du allerede har vært på denne kapselen. Gå til neste kapsel.
            </p>
          </div>
        </div>
        <div
          class="d-flex justify-content-center flex-column align-items-center"
          id="points-and-buttons-container"
        >
          <div
            class="mb-5"
          />
          <div
            class="d-flex flex-column"
          >
            <div>
              <button
                class="my-2"
                id="button-capsules-green"
              >
                Tilbake til kart
              </button>
            </div>
            <div>
              <button
                class="my-2"
                id="button-capsules-green"
              >
                Mine funn
              </button>
            </div>
          </div>
        </div>
      </div>
    </div>
  </body>,
  "container": <div>
    <div
      id="done-container"
    >
      <div
        class="d-flex justify-content-center mt-3"
      >
        <h1
          id="done-title"
        >
          Fullført historiekapselen!
        </h1>
      </div>
      <div
        class="w-100 h-50 d-flex align-content-center flex-row justify-content-center gap-3"
        id="olaf-infront-div"
      >
        <div
          style="margin-top: 3rem;"
        >
          <img
            alt="bilde av olaf på fullført side"
            height="200"
            id="olaf-infront-img"
            src="test-file-stub"
          />
        </div>
        <div
          class="flex-shrink-1"
          id="done-text"
          style="margin-top: 2rem;"
        >
          <p
            id="finish-paragraph"
          >
            Woops! Det ser ut som du allerede har vært på denne kapselen. Gå til neste kapsel.
          </p>
        </div>
      </div>
      <div
        class="d-flex justify-content-center flex-column align-items-center"
        id="points-and-buttons-container"
      >
        <div
          class="mb-5"
        />
        <div
          class="d-flex flex-column"
        >
          <div>
            <button
              class="my-2"
              id="button-capsules-green"
            >
              Tilbake til kart
            </button>
          </div>
          <div>
            <button
              class="my-2"
              id="button-capsules-green"
            >
              Mine funn
            </button>
          </div>
        </div>
      </div>
    </div>
  </div>,
  "debug": [Function],
  "findAllByAltText": [Function],
  "findAllByDisplayValue": [Function],
  "findAllByLabelText": [Function],
  "findAllByPlaceholderText": [Function],
  "findAllByRole": [Function],
  "findAllByTestId": [Function],
  "findAllByText": [Function],
  "findAllByTitle": [Function],
  "findByAltText": [Function],
  "findByDisplayValue": [Function],
  "findByLabelText": [Function],
  "findByPlaceholderText": [Function],
  "findByRole": [Function],
  "findByTestId": [Function],
  "findByText": [Function],
  "findByTitle": [Function],
  "getAllByAltText": [Function],
  "getAllByDisplayValue": [Function],
  "getAllByLabelText": [Function],
  "getAllByPlaceholderText": [Function],
  "getAllByRole": [Function],
  "getAllByTestId": [Function],
  "getAllByText": [Function],
  "getAllByTitle": [Function],
  "getByAltText": [Function],
  "getByDisplayValue": [Function],
  "getByLabelText": [Function],
  "getByPlaceholderText": [Function],
  "getByRole": [Function],
  "getByTestId": [Function],
  "getByText": [Function],
  "getByTitle": [Function],
  "queryAllByAltText": [Function],
  "queryAllByDisplayValue": [Function],
  "queryAllByLabelText": [Function],
  "queryAllByPlaceholderText": [Function],
  "queryAllByRole": [Function],
  "queryAllByTestId": [Function],
  "queryAllByText": [Function],
  "queryAllByTitle": [Function],
  "queryByAltText": [Function],
  "queryByDisplayValue": [Function],
  "queryByLabelText": [Function],
  "queryByPlaceholderText": [Function],
  "queryByRole": [Function],
  "queryByTestId": [Function],
  "queryByText": [Function],
  "queryByTitle": [Function],
  "rerender": [Function],
  "unmount": [Function],
}
`;
