// Jest Snapshot v1, https://goo.gl/fbAQLP

exports[`Popup shows snapshot 1`] = `
<section
  className="rounded"
/>
`;
