// Jest Snapshot v1, https://goo.gl/fbAQLP

exports[`StoryCard shows snapshot 1`] = `
Object {
  "asFragment": [Function],
  "baseElement": <body>
    <div>
      <div>
        <div
          class="p-4"
          style="position: relative; z-index: 0;"
        >
          <div
            style="position: relative;"
          >
            <h3
              class="text-center"
              id="capsule-name"
            >
              <svg
                color="var(--textColorGray)"
                fill="currentColor"
                height="1em"
                stroke="currentColor"
                stroke-width="0"
                viewBox="0 0 448 512"
                width="1em"
                xmlns="http://www.w3.org/2000/svg"
              >
                <path
                  d="M448 360V24c0-13.3-10.7-24-24-24H96C43 0 0 43 0 96v320c0 53 43 96 96 96h328c13.3 0 24-10.7 24-24v-16c0-7.5-3.5-14.3-8.9-18.7-4.2-15.4-4.2-59.3 0-74.7 5.4-4.3 8.9-11.1 8.9-18.6zM128 134c0-3.3 2.7-6 6-6h212c3.3 0 6 2.7 6 6v20c0 3.3-2.7 6-6 6H134c-3.3 0-6-2.7-6-6v-20zm0 64c0-3.3 2.7-6 6-6h212c3.3 0 6 2.7 6 6v20c0 3.3-2.7 6-6 6H134c-3.3 0-6-2.7-6-6v-20zm253.4 250H96c-17.7 0-32-14.3-32-32 0-17.6 14.4-32 32-32h285.4c-1.9 17.1-1.9 46.9 0 64z"
                />
              </svg>
               Historiekapsel
            </h3>
            <h1
              class="text-center"
              style="font-family: Source Sans Pro Bold;"
            >
              Test
            </h1>
          </div>
          <div
            class="swiper-container swiper-container-initialized swiper-container-horizontal"
          >
            <div
              class="swiper-scrollbar"
            >
              <div
                class="swiper-scrollbar-drag"
                style="transform: translate3d(NaNpx, 0, 0);"
              />
            </div>
            <div
              class="swiper-wrapper"
              style="transition-duration: 0ms; transform: translate3d(NaNpx, 0px, 0px);"
            >
              <div
                class="swiper-slide slide"
              >
                <div
                  class="swiper-slide"
                >
                  <div
                    class="slide-content"
                  >
                    <div
                      id="slide-container"
                    >
                      <div
                        class="mt-5 image-container"
                      />
                      <section
                        class="mt-4"
                        id="story-section"
                      >
                        <p
                          id="story-paragraph"
                        >
                          Dette er en test
                        </p>
                      </section>
                    </div>
                  </div>
                  <div
                    id="year"
                  >
                    <h4
                      class=" fw-bold"
                    >
                      År 2022
                    </h4>
                  </div>
                </div>
              </div>
            </div>
          </div>
        </div>
      </div>
    </div>
  </body>,
  "container": <div>
    <div>
      <div
        class="p-4"
        style="position: relative; z-index: 0;"
      >
        <div
          style="position: relative;"
        >
          <h3
            class="text-center"
            id="capsule-name"
          >
            <svg
              color="var(--textColorGray)"
              fill="currentColor"
              height="1em"
              stroke="currentColor"
              stroke-width="0"
              viewBox="0 0 448 512"
              width="1em"
              xmlns="http://www.w3.org/2000/svg"
            >
              <path
                d="M448 360V24c0-13.3-10.7-24-24-24H96C43 0 0 43 0 96v320c0 53 43 96 96 96h328c13.3 0 24-10.7 24-24v-16c0-7.5-3.5-14.3-8.9-18.7-4.2-15.4-4.2-59.3 0-74.7 5.4-4.3 8.9-11.1 8.9-18.6zM128 134c0-3.3 2.7-6 6-6h212c3.3 0 6 2.7 6 6v20c0 3.3-2.7 6-6 6H134c-3.3 0-6-2.7-6-6v-20zm0 64c0-3.3 2.7-6 6-6h212c3.3 0 6 2.7 6 6v20c0 3.3-2.7 6-6 6H134c-3.3 0-6-2.7-6-6v-20zm253.4 250H96c-17.7 0-32-14.3-32-32 0-17.6 14.4-32 32-32h285.4c-1.9 17.1-1.9 46.9 0 64z"
              />
            </svg>
             Historiekapsel
          </h3>
          <h1
            class="text-center"
            style="font-family: Source Sans Pro Bold;"
          >
            Test
          </h1>
        </div>
        <div
          class="swiper-container swiper-container-initialized swiper-container-horizontal"
        >
          <div
            class="swiper-scrollbar"
          >
            <div
              class="swiper-scrollbar-drag"
              style="transform: translate3d(NaNpx, 0, 0);"
            />
          </div>
          <div
            class="swiper-wrapper"
            style="transition-duration: 0ms; transform: translate3d(NaNpx, 0px, 0px);"
          >
            <div
              class="swiper-slide slide"
            >
              <div
                class="swiper-slide"
              >
                <div
                  class="slide-content"
                >
                  <div
                    id="slide-container"
                  >
                    <div
                      class="mt-5 image-container"
                    />
                    <section
                      class="mt-4"
                      id="story-section"
                    >
                      <p
                        id="story-paragraph"
                      >
                        Dette er en test
                      </p>
                    </section>
                  </div>
                </div>
                <div
                  id="year"
                >
                  <h4
                    class=" fw-bold"
                  >
                    År 2022
                  </h4>
                </div>
              </div>
            </div>
          </div>
        </div>
      </div>
    </div>
  </div>,
  "debug": [Function],
  "findAllByAltText": [Function],
  "findAllByDisplayValue": [Function],
  "findAllByLabelText": [Function],
  "findAllByPlaceholderText": [Function],
  "findAllByRole": [Function],
  "findAllByTestId": [Function],
  "findAllByText": [Function],
  "findAllByTitle": [Function],
  "findByAltText": [Function],
  "findByDisplayValue": [Function],
  "findByLabelText": [Function],
  "findByPlaceholderText": [Function],
  "findByRole": [Function],
  "findByTestId": [Function],
  "findByText": [Function],
  "findByTitle": [Function],
  "getAllByAltText": [Function],
  "getAllByDisplayValue": [Function],
  "getAllByLabelText": [Function],
  "getAllByPlaceholderText": [Function],
  "getAllByRole": [Function],
  "getAllByTestId": [Function],
  "getAllByText": [Function],
  "getAllByTitle": [Function],
  "getByAltText": [Function],
  "getByDisplayValue": [Function],
  "getByLabelText": [Function],
  "getByPlaceholderText": [Function],
  "getByRole": [Function],
  "getByTestId": [Function],
  "getByText": [Function],
  "getByTitle": [Function],
  "queryAllByAltText": [Function],
  "queryAllByDisplayValue": [Function],
  "queryAllByLabelText": [Function],
  "queryAllByPlaceholderText": [Function],
  "queryAllByRole": [Function],
  "queryAllByTestId": [Function],
  "queryAllByText": [Function],
  "queryAllByTitle": [Function],
  "queryByAltText": [Function],
  "queryByDisplayValue": [Function],
  "queryByLabelText": [Function],
  "queryByPlaceholderText": [Function],
  "queryByRole": [Function],
  "queryByTestId": [Function],
  "queryByText": [Function],
  "queryByTitle": [Function],
  "rerender": [Function],
  "unmount": [Function],
}
`;
