// Jest Snapshot v1, https://goo.gl/fbAQLP

exports[`WithoutNavbar shows snapshot 1`] = `null`;
